Copyright 1986-2017 Xilinx, Inc. All Rights Reserved.
--------------------------------------------------------------------------------------
| Tool Version : Vivado v.2017.3 (win64) Build 2018833 Wed Oct  4 19:58:22 MDT 2017
| Date         : Mon Jul 29 19:32:24 2019
| Host         : DESKTOP-JNGC152 running 64-bit major release  (build 9200)
| Command      : report_control_sets -file microblaze_wrapper_control_sets_placed.rpt
| Design       : microblaze_wrapper
| Device       : xc7a35t
--------------------------------------------------------------------------------------

Control Set Information

Table of Contents
-----------------
1. Summary
2. Flip-Flop Distribution

1. Summary
----------

+-------------------------------+-------+
|             Status            | Count |
+-------------------------------+-------+
| Number of unique control sets |   160 |
+-------------------------------+-------+


2. Flip-Flop Distribution
-------------------------

+--------------+-----------------------+------------------------+-----------------+--------------+
| Clock Enable | Synchronous Set/Reset | Asynchronous Set/Reset | Total Registers | Total Slices |
+--------------+-----------------------+------------------------+-----------------+--------------+
| No           | No                    | No                     |             297 |          119 |
| No           | No                    | Yes                    |              30 |           10 |
| No           | Yes                   | No                     |             598 |          257 |
| Yes          | No                    | No                     |             838 |          226 |
| Yes          | No                    | Yes                    |              15 |            8 |
| Yes          | Yes                   | No                     |            1031 |          332 |
+--------------+-----------------------+------------------------+-----------------+--------------+


