Copyright 1986-2017 Xilinx, Inc. All Rights Reserved.
--------------------------------------------------------------------------------------------------------------------------------------------------------------------------------------------
| Tool Version : Vivado v.2017.3 (win64) Build 2018833 Wed Oct  4 19:58:22 MDT 2017
| Date         : Mon Sep  2 14:45:48 2019
| Host         : DESKTOP-JNP2NQV running 64-bit major release  (build 9200)
| Command      : report_methodology -file microblaze_wrapper_methodology_drc_routed.rpt -pb microblaze_wrapper_methodology_drc_routed.pb -rpx microblaze_wrapper_methodology_drc_routed.rpx
| Design       : microblaze_wrapper
| Device       : xc7a35tcpg236-1
| Speed File   : -1
| Design State : Routed
--------------------------------------------------------------------------------------------------------------------------------------------------------------------------------------------

Report Methodology

Table of Contents
-----------------
1. REPORT SUMMARY
2. REPORT DETAILS

1. REPORT SUMMARY
-----------------
            Netlist: netlist
          Floorplan: design_1
      Design limits: <entire design considered>
             Max violations: <unlimited>
             Violations found: 21
+-----------+----------+-------------------------------+------------+
| Rule      | Severity | Description                   | Violations |
+-----------+----------+-------------------------------+------------+
| TIMING-9  | Warning  | Unknown CDC Logic             | 1          |
| TIMING-18 | Warning  | Missing input or output delay | 8          |
| TIMING-20 | Warning  | Non-clocked latch             | 12         |
+-----------+----------+-------------------------------+------------+

2. REPORT DETAILS
-----------------
TIMING-9#1 Warning
Unknown CDC Logic  
One or more asynchronous Clock Domain Crossing has been detected between 2 clock domains through a set_false_path or a set_clock_groups or set_max_delay -datapath_only constraint but no double-registers logic synchronizer has been found on the side of the capture clock. It is recommended to run report_cdc for a complete and detailed CDC coverage. Please consider using XPM_CDC to avoid Critical severities
Related violations: <none>

TIMING-18#1 Warning
Missing input or output delay  
An input delay is missing on down relative to clock(s) clk_100MHz
Related violations: <none>

TIMING-18#2 Warning
Missing input or output delay  
An input delay is missing on enter relative to clock(s) clk_100MHz
Related violations: <none>

TIMING-18#3 Warning
Missing input or output delay  
An input delay is missing on left relative to clock(s) clk_100MHz
Related violations: <none>

TIMING-18#4 Warning
Missing input or output delay  
An input delay is missing on reset_rtl_0 relative to clock(s) clk_100MHz
Related violations: <none>

TIMING-18#5 Warning
Missing input or output delay  
An input delay is missing on right relative to clock(s) clk_100MHz
Related violations: <none>

TIMING-18#6 Warning
Missing input or output delay  
An input delay is missing on uart_rtl_rxd relative to clock(s) clk_100MHz
Related violations: <none>

TIMING-18#7 Warning
Missing input or output delay  
An input delay is missing on up relative to clock(s) clk_100MHz
Related violations: <none>

TIMING-18#8 Warning
Missing input or output delay  
An output delay is missing on uart_rtl_txd relative to clock(s) clk_100MHz
Related violations: <none>

TIMING-20#1 Warning
Non-clocked latch  
The latch microblaze_i/Video_Controller_4regs_0/inst/Video_Controller_4regs_v1_S00_AXI_inst/frogger_background/nxt_pixel_reg[0] cannot be properly analyzed as its control pin microblaze_i/Video_Controller_4regs_0/inst/Video_Controller_4regs_v1_S00_AXI_inst/frogger_background/nxt_pixel_reg[0]/G is not reached by a timing clock
Related violations: <none>

TIMING-20#2 Warning
Non-clocked latch  
The latch microblaze_i/Video_Controller_4regs_0/inst/Video_Controller_4regs_v1_S00_AXI_inst/frogger_background/nxt_pixel_reg[10] cannot be properly analyzed as its control pin microblaze_i/Video_Controller_4regs_0/inst/Video_Controller_4regs_v1_S00_AXI_inst/frogger_background/nxt_pixel_reg[10]/G is not reached by a timing clock
Related violations: <none>

TIMING-20#3 Warning
Non-clocked latch  
The latch microblaze_i/Video_Controller_4regs_0/inst/Video_Controller_4regs_v1_S00_AXI_inst/frogger_background/nxt_pixel_reg[11] cannot be properly analyzed as its control pin microblaze_i/Video_Controller_4regs_0/inst/Video_Controller_4regs_v1_S00_AXI_inst/frogger_background/nxt_pixel_reg[11]/G is not reached by a timing clock
Related violations: <none>

TIMING-20#4 Warning
Non-clocked latch  
The latch microblaze_i/Video_Controller_4regs_0/inst/Video_Controller_4regs_v1_S00_AXI_inst/frogger_background/nxt_pixel_reg[1] cannot be properly analyzed as its control pin microblaze_i/Video_Controller_4regs_0/inst/Video_Controller_4regs_v1_S00_AXI_inst/frogger_background/nxt_pixel_reg[1]/G is not reached by a timing clock
Related violations: <none>

TIMING-20#5 Warning
Non-clocked latch  
The latch microblaze_i/Video_Controller_4regs_0/inst/Video_Controller_4regs_v1_S00_AXI_inst/frogger_background/nxt_pixel_reg[2] cannot be properly analyzed as its control pin microblaze_i/Video_Controller_4regs_0/inst/Video_Controller_4regs_v1_S00_AXI_inst/frogger_background/nxt_pixel_reg[2]/G is not reached by a timing clock
Related violations: <none>

TIMING-20#6 Warning
Non-clocked latch  
The latch microblaze_i/Video_Controller_4regs_0/inst/Video_Controller_4regs_v1_S00_AXI_inst/frogger_background/nxt_pixel_reg[3] cannot be properly analyzed as its control pin microblaze_i/Video_Controller_4regs_0/inst/Video_Controller_4regs_v1_S00_AXI_inst/frogger_background/nxt_pixel_reg[3]/G is not reached by a timing clock
Related violations: <none>

TIMING-20#7 Warning
Non-clocked latch  
The latch microblaze_i/Video_Controller_4regs_0/inst/Video_Controller_4regs_v1_S00_AXI_inst/frogger_background/nxt_pixel_reg[4] cannot be properly analyzed as its control pin microblaze_i/Video_Controller_4regs_0/inst/Video_Controller_4regs_v1_S00_AXI_inst/frogger_background/nxt_pixel_reg[4]/G is not reached by a timing clock
Related violations: <none>

TIMING-20#8 Warning
Non-clocked latch  
The latch microblaze_i/Video_Controller_4regs_0/inst/Video_Controller_4regs_v1_S00_AXI_inst/frogger_background/nxt_pixel_reg[5] cannot be properly analyzed as its control pin microblaze_i/Video_Controller_4regs_0/inst/Video_Controller_4regs_v1_S00_AXI_inst/frogger_background/nxt_pixel_reg[5]/G is not reached by a timing clock
Related violations: <none>

TIMING-20#9 Warning
Non-clocked latch  
The latch microblaze_i/Video_Controller_4regs_0/inst/Video_Controller_4regs_v1_S00_AXI_inst/frogger_background/nxt_pixel_reg[6] cannot be properly analyzed as its control pin microblaze_i/Video_Controller_4regs_0/inst/Video_Controller_4regs_v1_S00_AXI_inst/frogger_background/nxt_pixel_reg[6]/G is not reached by a timing clock
Related violations: <none>

TIMING-20#10 Warning
Non-clocked latch  
The latch microblaze_i/Video_Controller_4regs_0/inst/Video_Controller_4regs_v1_S00_AXI_inst/frogger_background/nxt_pixel_reg[7] cannot be properly analyzed as its control pin microblaze_i/Video_Controller_4regs_0/inst/Video_Controller_4regs_v1_S00_AXI_inst/frogger_background/nxt_pixel_reg[7]/G is not reached by a timing clock
Related violations: <none>

TIMING-20#11 Warning
Non-clocked latch  
The latch microblaze_i/Video_Controller_4regs_0/inst/Video_Controller_4regs_v1_S00_AXI_inst/frogger_background/nxt_pixel_reg[8] cannot be properly analyzed as its control pin microblaze_i/Video_Controller_4regs_0/inst/Video_Controller_4regs_v1_S00_AXI_inst/frogger_background/nxt_pixel_reg[8]/G is not reached by a timing clock
Related violations: <none>

TIMING-20#12 Warning
Non-clocked latch  
The latch microblaze_i/Video_Controller_4regs_0/inst/Video_Controller_4regs_v1_S00_AXI_inst/frogger_background/nxt_pixel_reg[9] cannot be properly analyzed as its control pin microblaze_i/Video_Controller_4regs_0/inst/Video_Controller_4regs_v1_S00_AXI_inst/frogger_background/nxt_pixel_reg[9]/G is not reached by a timing clock
Related violations: <none>


