Copyright 1986-2017 Xilinx, Inc. All Rights Reserved.
------------------------------------------------------------------------------------------------------------------------------------------------
| Tool Version : Vivado v.2017.3 (win64) Build 2018833 Wed Oct  4 19:58:22 MDT 2017
| Date         : Mon Sep  2 01:11:37 2019
| Host         : DESKTOP-RDBCQBE running 64-bit major release  (build 9200)
| Command      : report_drc -file microblaze_wrapper_drc_routed.rpt -pb microblaze_wrapper_drc_routed.pb -rpx microblaze_wrapper_drc_routed.rpx
| Design       : microblaze_wrapper
| Device       : xc7a35tcpg236-1
| Speed File   : -1
| Design State : Routed
------------------------------------------------------------------------------------------------------------------------------------------------

Report DRC

Table of Contents
-----------------
1. REPORT SUMMARY
2. REPORT DETAILS

1. REPORT SUMMARY
-----------------
            Netlist: netlist
          Floorplan: design_1
      Design limits: <entire design considered>
           Ruledeck: default
             Max violations: <unlimited>
             Violations found: 1
+----------+----------+-------------------+------------+
| Rule     | Severity | Description       | Violations |
+----------+----------+-------------------+------------+
| PDRC-153 | Warning  | Gated clock check | 1          |
+----------+----------+-------------------+------------+

2. REPORT DETAILS
-----------------
PDRC-153#1 Warning
Gated clock check  
Net microblaze_i/Video_Controller_4regs_0/inst/Video_Controller_4regs_v1_S00_AXI_inst/frogger_background/nxt_pixel_reg[11]_i_2_n_0 is a gated clock net sourced by a combinational pin microblaze_i/Video_Controller_4regs_0/inst/Video_Controller_4regs_v1_S00_AXI_inst/frogger_background/nxt_pixel_reg[11]_i_2/O, cell microblaze_i/Video_Controller_4regs_0/inst/Video_Controller_4regs_v1_S00_AXI_inst/frogger_background/nxt_pixel_reg[11]_i_2. This is not good design practice and will likely impact performance. For SLICE registers, for example, use the CE pin to control the loading of data.
Related violations: <none>


