#-----------------------------------------------------------
# updatemem v2017.3 (64-bit)
# SW Build 2018833 on Wed Oct  4 19:58:22 MDT 2017
# 
# Start of session at: Wed Jul 17 21:56:33 2019
# Process ID: 2576
# Current directory: c:/Users/Trait/Documents/uBlaze/frogger
# Command line: updatemem.exe -mode batch -source C:/Xilinx/SDK/2017.3/scripts/updatemem/main.tcl -notrace -tclargs -meminfo C:/Users/Trait/Documents/uBlaze/frogger/frogger.sdk/microblaze_wrapper_hw_platform_0/microblaze_wrapper.mmi -data C:/Xilinx/SDK/2017.3/data/embeddedsw/lib/microblaze/mb_bootloop_le.elf -proc microblaze_i/microblaze_0 -bit C:/Users/Trait/Documents/uBlaze/frogger/frogger.sdk/microblaze_wrapper_hw_platform_0/microblaze_wrapper.bit -out C:/Users/Trait/Documents/uBlaze/frogger/frogger.sdk/microblaze_wrapper_hw_platform_0/download.bit -force
# Log file: c:/Users/Trait/Documents/uBlaze/frogger/updatemem.log
# Journal file: c:/Users/Trait/Documents/uBlaze/frogger\updatemem.jou
#-----------------------------------------------------------
source C:/Xilinx/SDK/2017.3/scripts/updatemem/main.tcl -notrace
